........................................................................ [ 12%]
........................................................................ [ 24%]
........................................................................ [ 36%]
........................................................................ [ 48%]
........................................................................ [ 60%]
.............
